Archive member included because of file (symbol)

c:/freescale/kds_3.0.0/toolchain/bin/../lib/gcc/arm-none-eabi/4.8.4/../../../../arm-none-eabi/lib/armv6-m\libg_s.a(lib_a-exit.o)
                              c:/freescale/kds_3.0.0/toolchain/bin/../lib/gcc/arm-none-eabi/4.8.4/../../../../arm-none-eabi/lib/armv6-m/crt0.o (exit)
c:/freescale/kds_3.0.0/toolchain/bin/../lib/gcc/arm-none-eabi/4.8.4/../../../../arm-none-eabi/lib/armv6-m\libg_s.a(lib_a-impure.o)
                              c:/freescale/kds_3.0.0/toolchain/bin/../lib/gcc/arm-none-eabi/4.8.4/../../../../arm-none-eabi/lib/armv6-m\libg_s.a(lib_a-exit.o) (_global_impure_ptr)
c:/freescale/kds_3.0.0/toolchain/bin/../lib/gcc/arm-none-eabi/4.8.4/../../../../arm-none-eabi/lib/armv6-m\libg_s.a(lib_a-init.o)
                              c:/freescale/kds_3.0.0/toolchain/bin/../lib/gcc/arm-none-eabi/4.8.4/../../../../arm-none-eabi/lib/armv6-m/crt0.o (__libc_init_array)
c:/freescale/kds_3.0.0/toolchain/bin/../lib/gcc/arm-none-eabi/4.8.4/../../../../arm-none-eabi/lib/armv6-m\libg_s.a(lib_a-memset.o)
                              c:/freescale/kds_3.0.0/toolchain/bin/../lib/gcc/arm-none-eabi/4.8.4/../../../../arm-none-eabi/lib/armv6-m/crt0.o (memset)
c:/freescale/kds_3.0.0/toolchain/bin/../lib/gcc/arm-none-eabi/4.8.4/../../../../arm-none-eabi/lib/armv6-m\libnosys.a(_exit.o)
                              c:/freescale/kds_3.0.0/toolchain/bin/../lib/gcc/arm-none-eabi/4.8.4/../../../../arm-none-eabi/lib/armv6-m\libg_s.a(lib_a-exit.o) (_exit)

Allocating common symbols
Common symbol       size              file

SR_reg              0x1               ./Generated_Code/Cpu.o

Discarded input sections

 .text          0x00000000        0x0 c:/freescale/kds_3.0.0/toolchain/bin/../lib/gcc/arm-none-eabi/4.8.4/armv6-m/crti.o
 .data          0x00000000        0x0 c:/freescale/kds_3.0.0/toolchain/bin/../lib/gcc/arm-none-eabi/4.8.4/armv6-m/crti.o
 .bss           0x00000000        0x0 c:/freescale/kds_3.0.0/toolchain/bin/../lib/gcc/arm-none-eabi/4.8.4/armv6-m/crti.o
 .data          0x00000000        0x4 c:/freescale/kds_3.0.0/toolchain/bin/../lib/gcc/arm-none-eabi/4.8.4/armv6-m/crtbegin.o
 .data          0x00000000        0x0 c:/freescale/kds_3.0.0/toolchain/bin/../lib/gcc/arm-none-eabi/4.8.4/../../../../arm-none-eabi/lib/armv6-m/crt0.o
 .bss           0x00000000        0x0 c:/freescale/kds_3.0.0/toolchain/bin/../lib/gcc/arm-none-eabi/4.8.4/../../../../arm-none-eabi/lib/armv6-m/crt0.o
 .ARM.extab     0x00000000        0x0 c:/freescale/kds_3.0.0/toolchain/bin/../lib/gcc/arm-none-eabi/4.8.4/../../../../arm-none-eabi/lib/armv6-m/crt0.o
 .group         0x00000000        0x8 ./Sources/Events.o
 .group         0x00000000        0x8 ./Sources/Events.o
 .group         0x00000000        0x8 ./Sources/Events.o
 .group         0x00000000        0x8 ./Sources/Events.o
 .group         0x00000000        0x8 ./Sources/Events.o
 .group         0x00000000        0x8 ./Sources/Events.o
 .group         0x00000000        0x8 ./Sources/Events.o
 .group         0x00000000        0x8 ./Sources/Events.o
 .group         0x00000000        0x8 ./Sources/Events.o
 .group         0x00000000        0x8 ./Sources/Events.o
 .group         0x00000000        0x8 ./Sources/Events.o
 .group         0x00000000        0x8 ./Sources/Events.o
 .group         0x00000000        0x8 ./Sources/Events.o
 .group         0x00000000        0x8 ./Sources/Events.o
 .group         0x00000000        0x8 ./Sources/Events.o
 .group         0x00000000        0x8 ./Sources/Events.o
 .group         0x00000000        0x8 ./Sources/Events.o
 .group         0x00000000        0x8 ./Sources/Events.o
 .text          0x00000000        0x0 ./Sources/Events.o
 .data          0x00000000        0x0 ./Sources/Events.o
 .bss           0x00000000        0x0 ./Sources/Events.o
 .group         0x00000000        0x8 ./Sources/main.o
 .group         0x00000000        0x8 ./Sources/main.o
 .group         0x00000000        0x8 ./Sources/main.o
 .group         0x00000000        0x8 ./Sources/main.o
 .group         0x00000000        0x8 ./Sources/main.o
 .group         0x00000000        0x8 ./Sources/main.o
 .group         0x00000000        0x8 ./Sources/main.o
 .group         0x00000000        0x8 ./Sources/main.o
 .group         0x00000000        0x8 ./Sources/main.o
 .group         0x00000000        0x8 ./Sources/main.o
 .group         0x00000000        0x8 ./Sources/main.o
 .group         0x00000000        0x8 ./Sources/main.o
 .group         0x00000000        0x8 ./Sources/main.o
 .group         0x00000000        0x8 ./Sources/main.o
 .group         0x00000000        0x8 ./Sources/main.o
 .group         0x00000000        0x8 ./Sources/main.o
 .group         0x00000000        0x8 ./Sources/main.o
 .group         0x00000000        0x8 ./Sources/main.o
 .text          0x00000000        0x0 ./Sources/main.o
 .data          0x00000000        0x0 ./Sources/main.o
 .bss           0x00000000        0x0 ./Sources/main.o
 .debug_macro   0x00000000      0x802 ./Sources/main.o
 .debug_macro   0x00000000       0x16 ./Sources/main.o
 .debug_macro   0x00000000       0x44 ./Sources/main.o
 .debug_macro   0x00000000      0x209 ./Sources/main.o
 .debug_macro   0x00000000     0x1576 ./Sources/main.o
 .debug_macro   0x00000000      0x14e ./Sources/main.o
 .debug_macro   0x00000000       0x64 ./Sources/main.o
 .debug_macro   0x00000000     0x6691 ./Sources/main.o
 .debug_macro   0x00000000       0x94 ./Sources/main.o
 .debug_macro   0x00000000       0x94 ./Sources/main.o
 .debug_macro   0x00000000      0x12c ./Sources/main.o
 .debug_macro   0x00000000       0x40 ./Sources/main.o
 .debug_macro   0x00000000       0x1f ./Sources/main.o
 .debug_macro   0x00000000       0x47 ./Sources/main.o
 .debug_macro   0x00000000       0x3d ./Sources/main.o
 .debug_macro   0x00000000       0x46 ./Sources/main.o
 .debug_macro   0x00000000       0x1f ./Sources/main.o
 .debug_macro   0x00000000       0x47 ./Sources/main.o
 .group         0x00000000        0x8 ./Project_Settings/Startup_Code/startup.o
 .group         0x00000000        0x8 ./Project_Settings/Startup_Code/startup.o
 .group         0x00000000        0x8 ./Project_Settings/Startup_Code/startup.o
 .group         0x00000000        0x8 ./Project_Settings/Startup_Code/startup.o
 .group         0x00000000        0x8 ./Project_Settings/Startup_Code/startup.o
 .group         0x00000000        0x8 ./Project_Settings/Startup_Code/startup.o
 .group         0x00000000        0x8 ./Project_Settings/Startup_Code/startup.o
 .group         0x00000000        0x8 ./Project_Settings/Startup_Code/startup.o
 .group         0x00000000        0x8 ./Project_Settings/Startup_Code/startup.o
 .group         0x00000000        0x8 ./Project_Settings/Startup_Code/startup.o
 .group         0x00000000        0x8 ./Project_Settings/Startup_Code/startup.o
 .group         0x00000000        0x8 ./Project_Settings/Startup_Code/startup.o
 .group         0x00000000        0x8 ./Project_Settings/Startup_Code/startup.o
 .group         0x00000000        0x8 ./Project_Settings/Startup_Code/startup.o
 .group         0x00000000        0x8 ./Project_Settings/Startup_Code/startup.o
 .group         0x00000000        0x8 ./Project_Settings/Startup_Code/startup.o
 .group         0x00000000        0x8 ./Project_Settings/Startup_Code/startup.o
 .group         0x00000000        0x8 ./Project_Settings/Startup_Code/startup.o
 .group         0x00000000        0x8 ./Project_Settings/Startup_Code/startup.o
 .text          0x00000000        0x0 ./Project_Settings/Startup_Code/startup.o
 .data          0x00000000        0x0 ./Project_Settings/Startup_Code/startup.o
 .bss           0x00000000        0x0 ./Project_Settings/Startup_Code/startup.o
 .text.__init_hardware
                0x00000000        0x8 ./Project_Settings/Startup_Code/startup.o
 .text.__iar_program_start
                0x00000000        0xc ./Project_Settings/Startup_Code/startup.o
 .debug_macro   0x00000000      0x802 ./Project_Settings/Startup_Code/startup.o
 .debug_macro   0x00000000       0x16 ./Project_Settings/Startup_Code/startup.o
 .group         0x00000000        0x8 ./Generated_Code/BitIoLdd1.o
 .group         0x00000000        0x8 ./Generated_Code/BitIoLdd1.o
 .group         0x00000000        0x8 ./Generated_Code/BitIoLdd1.o
 .group         0x00000000        0x8 ./Generated_Code/BitIoLdd1.o
 .group         0x00000000        0x8 ./Generated_Code/BitIoLdd1.o
 .group         0x00000000        0x8 ./Generated_Code/BitIoLdd1.o
 .group         0x00000000        0x8 ./Generated_Code/BitIoLdd1.o
 .group         0x00000000        0x8 ./Generated_Code/BitIoLdd1.o
 .group         0x00000000        0x8 ./Generated_Code/BitIoLdd1.o
 .group         0x00000000        0x8 ./Generated_Code/BitIoLdd1.o
 .group         0x00000000        0x8 ./Generated_Code/BitIoLdd1.o
 .group         0x00000000        0x8 ./Generated_Code/BitIoLdd1.o
 .text          0x00000000        0x0 ./Generated_Code/BitIoLdd1.o
 .data          0x00000000        0x0 ./Generated_Code/BitIoLdd1.o
 .bss           0x00000000        0x0 ./Generated_Code/BitIoLdd1.o
 .text.BitIoLdd1_GetVal
                0x00000000       0x28 ./Generated_Code/BitIoLdd1.o
 .text.BitIoLdd1_NegVal
                0x00000000       0x18 ./Generated_Code/BitIoLdd1.o
 .debug_macro   0x00000000      0x802 ./Generated_Code/BitIoLdd1.o
 .debug_macro   0x00000000       0x16 ./Generated_Code/BitIoLdd1.o
 .debug_macro   0x00000000       0x44 ./Generated_Code/BitIoLdd1.o
 .debug_macro   0x00000000      0x209 ./Generated_Code/BitIoLdd1.o
 .debug_macro   0x00000000     0x1576 ./Generated_Code/BitIoLdd1.o
 .debug_macro   0x00000000      0x14e ./Generated_Code/BitIoLdd1.o
 .debug_macro   0x00000000       0x64 ./Generated_Code/BitIoLdd1.o
 .debug_macro   0x00000000     0x6691 ./Generated_Code/BitIoLdd1.o
 .debug_macro   0x00000000       0x94 ./Generated_Code/BitIoLdd1.o
 .debug_macro   0x00000000      0x12c ./Generated_Code/BitIoLdd1.o
 .debug_macro   0x00000000       0x40 ./Generated_Code/BitIoLdd1.o
 .group         0x00000000        0x8 ./Generated_Code/BitIoLdd2.o
 .group         0x00000000        0x8 ./Generated_Code/BitIoLdd2.o
 .group         0x00000000        0x8 ./Generated_Code/BitIoLdd2.o
 .group         0x00000000        0x8 ./Generated_Code/BitIoLdd2.o
 .group         0x00000000        0x8 ./Generated_Code/BitIoLdd2.o
 .group         0x00000000        0x8 ./Generated_Code/BitIoLdd2.o
 .group         0x00000000        0x8 ./Generated_Code/BitIoLdd2.o
 .group         0x00000000        0x8 ./Generated_Code/BitIoLdd2.o
 .group         0x00000000        0x8 ./Generated_Code/BitIoLdd2.o
 .group         0x00000000        0x8 ./Generated_Code/BitIoLdd2.o
 .group         0x00000000        0x8 ./Generated_Code/BitIoLdd2.o
 .group         0x00000000        0x8 ./Generated_Code/BitIoLdd2.o
 .text          0x00000000        0x0 ./Generated_Code/BitIoLdd2.o
 .data          0x00000000        0x0 ./Generated_Code/BitIoLdd2.o
 .bss           0x00000000        0x0 ./Generated_Code/BitIoLdd2.o
 .text.BitIoLdd2_GetVal
                0x00000000       0x28 ./Generated_Code/BitIoLdd2.o
 .text.BitIoLdd2_NegVal
                0x00000000       0x1c ./Generated_Code/BitIoLdd2.o
 .debug_macro   0x00000000      0x802 ./Generated_Code/BitIoLdd2.o
 .debug_macro   0x00000000       0x16 ./Generated_Code/BitIoLdd2.o
 .debug_macro   0x00000000       0x44 ./Generated_Code/BitIoLdd2.o
 .debug_macro   0x00000000      0x209 ./Generated_Code/BitIoLdd2.o
 .debug_macro   0x00000000     0x1576 ./Generated_Code/BitIoLdd2.o
 .debug_macro   0x00000000      0x14e ./Generated_Code/BitIoLdd2.o
 .debug_macro   0x00000000       0x64 ./Generated_Code/BitIoLdd2.o
 .debug_macro   0x00000000     0x6691 ./Generated_Code/BitIoLdd2.o
 .debug_macro   0x00000000       0x94 ./Generated_Code/BitIoLdd2.o
 .debug_macro   0x00000000      0x12c ./Generated_Code/BitIoLdd2.o
 .debug_macro   0x00000000       0x9a ./Generated_Code/BitIoLdd2.o
 .group         0x00000000        0x8 ./Generated_Code/Cpu.o
 .group         0x00000000        0x8 ./Generated_Code/Cpu.o
 .group         0x00000000        0x8 ./Generated_Code/Cpu.o
 .group         0x00000000        0x8 ./Generated_Code/Cpu.o
 .group         0x00000000        0x8 ./Generated_Code/Cpu.o
 .group         0x00000000        0x8 ./Generated_Code/Cpu.o
 .group         0x00000000        0x8 ./Generated_Code/Cpu.o
 .group         0x00000000        0x8 ./Generated_Code/Cpu.o
 .group         0x00000000        0x8 ./Generated_Code/Cpu.o
 .group         0x00000000        0x8 ./Generated_Code/Cpu.o
 .group         0x00000000        0x8 ./Generated_Code/Cpu.o
 .group         0x00000000        0x8 ./Generated_Code/Cpu.o
 .group         0x00000000        0x8 ./Generated_Code/Cpu.o
 .group         0x00000000        0x8 ./Generated_Code/Cpu.o
 .group         0x00000000        0x8 ./Generated_Code/Cpu.o
 .group         0x00000000        0x8 ./Generated_Code/Cpu.o
 .group         0x00000000        0x8 ./Generated_Code/Cpu.o
 .group         0x00000000        0x8 ./Generated_Code/Cpu.o
 .text          0x00000000        0x0 ./Generated_Code/Cpu.o
 .data          0x00000000        0x0 ./Generated_Code/Cpu.o
 .bss           0x00000000        0x0 ./Generated_Code/Cpu.o
 .bss.SR_lock   0x00000000        0x1 ./Generated_Code/Cpu.o
 .debug_macro   0x00000000      0x802 ./Generated_Code/Cpu.o
 .debug_macro   0x00000000       0x16 ./Generated_Code/Cpu.o
 .debug_macro   0x00000000       0x44 ./Generated_Code/Cpu.o
 .debug_macro   0x00000000      0x209 ./Generated_Code/Cpu.o
 .debug_macro   0x00000000     0x1576 ./Generated_Code/Cpu.o
 .debug_macro   0x00000000      0x14e ./Generated_Code/Cpu.o
 .debug_macro   0x00000000       0x64 ./Generated_Code/Cpu.o
 .debug_macro   0x00000000     0x6691 ./Generated_Code/Cpu.o
 .debug_macro   0x00000000       0x94 ./Generated_Code/Cpu.o
 .debug_macro   0x00000000      0x12c ./Generated_Code/Cpu.o
 .debug_macro   0x00000000       0x9a ./Generated_Code/Cpu.o
 .debug_macro   0x00000000       0x40 ./Generated_Code/Cpu.o
 .debug_macro   0x00000000       0x1f ./Generated_Code/Cpu.o
 .debug_macro   0x00000000       0x47 ./Generated_Code/Cpu.o
 .debug_macro   0x00000000       0x3d ./Generated_Code/Cpu.o
 .debug_macro   0x00000000       0x46 ./Generated_Code/Cpu.o
 .debug_macro   0x00000000       0x1f ./Generated_Code/Cpu.o
 .debug_macro   0x00000000       0x47 ./Generated_Code/Cpu.o
 COMMON         0x00000000        0x1 ./Generated_Code/Cpu.o
 .group         0x00000000        0x8 ./Generated_Code/LED1.o
 .group         0x00000000        0x8 ./Generated_Code/LED1.o
 .group         0x00000000        0x8 ./Generated_Code/LED1.o
 .group         0x00000000        0x8 ./Generated_Code/LED1.o
 .group         0x00000000        0x8 ./Generated_Code/LED1.o
 .group         0x00000000        0x8 ./Generated_Code/LED1.o
 .group         0x00000000        0x8 ./Generated_Code/LED1.o
 .group         0x00000000        0x8 ./Generated_Code/LED1.o
 .group         0x00000000        0x8 ./Generated_Code/LED1.o
 .group         0x00000000        0x8 ./Generated_Code/LED1.o
 .group         0x00000000        0x8 ./Generated_Code/LED1.o
 .group         0x00000000        0x8 ./Generated_Code/LED1.o
 .group         0x00000000        0x8 ./Generated_Code/LED1.o
 .group         0x00000000        0x8 ./Generated_Code/LED1.o
 .text          0x00000000        0x0 ./Generated_Code/LED1.o
 .data          0x00000000        0x0 ./Generated_Code/LED1.o
 .bss           0x00000000        0x0 ./Generated_Code/LED1.o
 .text.LED1_Deinit
                0x00000000        0x8 ./Generated_Code/LED1.o
 .text.LED1_SetRatio16
                0x00000000       0x3c ./Generated_Code/LED1.o
 .debug_info    0x00000000       0xf3 ./Generated_Code/LED1.o
 .debug_abbrev  0x00000000       0xae ./Generated_Code/LED1.o
 .debug_aranges
                0x00000000       0x28 ./Generated_Code/LED1.o
 .debug_ranges  0x00000000       0x18 ./Generated_Code/LED1.o
 .debug_macro   0x00000000       0xc4 ./Generated_Code/LED1.o
 .debug_macro   0x00000000      0x802 ./Generated_Code/LED1.o
 .debug_macro   0x00000000       0x16 ./Generated_Code/LED1.o
 .debug_macro   0x00000000       0x44 ./Generated_Code/LED1.o
 .debug_macro   0x00000000      0x209 ./Generated_Code/LED1.o
 .debug_macro   0x00000000     0x1576 ./Generated_Code/LED1.o
 .debug_macro   0x00000000      0x14e ./Generated_Code/LED1.o
 .debug_macro   0x00000000       0x64 ./Generated_Code/LED1.o
 .debug_macro   0x00000000     0x6691 ./Generated_Code/LED1.o
 .debug_macro   0x00000000       0x94 ./Generated_Code/LED1.o
 .debug_macro   0x00000000      0x12c ./Generated_Code/LED1.o
 .debug_macro   0x00000000       0x9a ./Generated_Code/LED1.o
 .debug_macro   0x00000000       0x40 ./Generated_Code/LED1.o
 .debug_macro   0x00000000       0x1f ./Generated_Code/LED1.o
 .debug_macro   0x00000000       0x47 ./Generated_Code/LED1.o
 .debug_line    0x00000000      0x296 ./Generated_Code/LED1.o
 .debug_str     0x00000000    0x2cc1f ./Generated_Code/LED1.o
 .comment       0x00000000       0x71 ./Generated_Code/LED1.o
 .ARM.attributes
                0x00000000       0x32 ./Generated_Code/LED1.o
 .debug_frame   0x00000000       0x4c ./Generated_Code/LED1.o
 .group         0x00000000        0x8 ./Generated_Code/LED2.o
 .group         0x00000000        0x8 ./Generated_Code/LED2.o
 .group         0x00000000        0x8 ./Generated_Code/LED2.o
 .group         0x00000000        0x8 ./Generated_Code/LED2.o
 .group         0x00000000        0x8 ./Generated_Code/LED2.o
 .group         0x00000000        0x8 ./Generated_Code/LED2.o
 .group         0x00000000        0x8 ./Generated_Code/LED2.o
 .group         0x00000000        0x8 ./Generated_Code/LED2.o
 .group         0x00000000        0x8 ./Generated_Code/LED2.o
 .group         0x00000000        0x8 ./Generated_Code/LED2.o
 .group         0x00000000        0x8 ./Generated_Code/LED2.o
 .group         0x00000000        0x8 ./Generated_Code/LED2.o
 .group         0x00000000        0x8 ./Generated_Code/LED2.o
 .group         0x00000000        0x8 ./Generated_Code/LED2.o
 .text          0x00000000        0x0 ./Generated_Code/LED2.o
 .data          0x00000000        0x0 ./Generated_Code/LED2.o
 .bss           0x00000000        0x0 ./Generated_Code/LED2.o
 .text.LED2_Deinit
                0x00000000        0x8 ./Generated_Code/LED2.o
 .text.LED2_SetRatio16
                0x00000000       0x3c ./Generated_Code/LED2.o
 .debug_info    0x00000000       0xf3 ./Generated_Code/LED2.o
 .debug_abbrev  0x00000000       0xae ./Generated_Code/LED2.o
 .debug_aranges
                0x00000000       0x28 ./Generated_Code/LED2.o
 .debug_ranges  0x00000000       0x18 ./Generated_Code/LED2.o
 .debug_macro   0x00000000       0xc4 ./Generated_Code/LED2.o
 .debug_macro   0x00000000      0x802 ./Generated_Code/LED2.o
 .debug_macro   0x00000000       0x16 ./Generated_Code/LED2.o
 .debug_macro   0x00000000       0x44 ./Generated_Code/LED2.o
 .debug_macro   0x00000000      0x209 ./Generated_Code/LED2.o
 .debug_macro   0x00000000     0x1576 ./Generated_Code/LED2.o
 .debug_macro   0x00000000      0x14e ./Generated_Code/LED2.o
 .debug_macro   0x00000000       0x64 ./Generated_Code/LED2.o
 .debug_macro   0x00000000     0x6691 ./Generated_Code/LED2.o
 .debug_macro   0x00000000       0x94 ./Generated_Code/LED2.o
 .debug_macro   0x00000000      0x12c ./Generated_Code/LED2.o
 .debug_macro   0x00000000       0x9a ./Generated_Code/LED2.o
 .debug_macro   0x00000000       0x40 ./Generated_Code/LED2.o
 .debug_macro   0x00000000       0x1f ./Generated_Code/LED2.o
 .debug_macro   0x00000000       0x47 ./Generated_Code/LED2.o
 .debug_line    0x00000000      0x296 ./Generated_Code/LED2.o
 .debug_str     0x00000000    0x2cc25 ./Generated_Code/LED2.o
 .comment       0x00000000       0x71 ./Generated_Code/LED2.o
 .ARM.attributes
                0x00000000       0x32 ./Generated_Code/LED2.o
 .debug_frame   0x00000000       0x4c ./Generated_Code/LED2.o
 .group         0x00000000        0x8 ./Generated_Code/LEDpin1.o
 .group         0x00000000        0x8 ./Generated_Code/LEDpin1.o
 .group         0x00000000        0x8 ./Generated_Code/LEDpin1.o
 .group         0x00000000        0x8 ./Generated_Code/LEDpin1.o
 .group         0x00000000        0x8 ./Generated_Code/LEDpin1.o
 .group         0x00000000        0x8 ./Generated_Code/LEDpin1.o
 .group         0x00000000        0x8 ./Generated_Code/LEDpin1.o
 .group         0x00000000        0x8 ./Generated_Code/LEDpin1.o
 .group         0x00000000        0x8 ./Generated_Code/LEDpin1.o
 .group         0x00000000        0x8 ./Generated_Code/LEDpin1.o
 .group         0x00000000        0x8 ./Generated_Code/LEDpin1.o
 .group         0x00000000        0x8 ./Generated_Code/LEDpin1.o
 .group         0x00000000        0x8 ./Generated_Code/LEDpin1.o
 .text          0x00000000        0x0 ./Generated_Code/LEDpin1.o
 .data          0x00000000        0x0 ./Generated_Code/LEDpin1.o
 .bss           0x00000000        0x0 ./Generated_Code/LEDpin1.o
 .debug_info    0x00000000       0x7d ./Generated_Code/LEDpin1.o
 .debug_abbrev  0x00000000       0x29 ./Generated_Code/LEDpin1.o
 .debug_aranges
                0x00000000       0x18 ./Generated_Code/LEDpin1.o
 .debug_macro   0x00000000       0xb5 ./Generated_Code/LEDpin1.o
 .debug_macro   0x00000000      0x802 ./Generated_Code/LEDpin1.o
 .debug_macro   0x00000000       0x16 ./Generated_Code/LEDpin1.o
 .debug_macro   0x00000000       0x44 ./Generated_Code/LEDpin1.o
 .debug_macro   0x00000000      0x209 ./Generated_Code/LEDpin1.o
 .debug_macro   0x00000000     0x1576 ./Generated_Code/LEDpin1.o
 .debug_macro   0x00000000      0x14e ./Generated_Code/LEDpin1.o
 .debug_macro   0x00000000       0x64 ./Generated_Code/LEDpin1.o
 .debug_macro   0x00000000     0x6691 ./Generated_Code/LEDpin1.o
 .debug_macro   0x00000000       0x94 ./Generated_Code/LEDpin1.o
 .debug_macro   0x00000000      0x12c ./Generated_Code/LEDpin1.o
 .debug_macro   0x00000000       0x9a ./Generated_Code/LEDpin1.o
 .debug_macro   0x00000000       0x40 ./Generated_Code/LEDpin1.o
 .debug_macro   0x00000000       0x1f ./Generated_Code/LEDpin1.o
 .debug_line    0x00000000      0x26a ./Generated_Code/LEDpin1.o
 .debug_str     0x00000000    0x2ca5f ./Generated_Code/LEDpin1.o
 .comment       0x00000000       0x71 ./Generated_Code/LEDpin1.o
 .ARM.attributes
                0x00000000       0x32 ./Generated_Code/LEDpin1.o
 .group         0x00000000        0x8 ./Generated_Code/LEDpin2.o
 .group         0x00000000        0x8 ./Generated_Code/LEDpin2.o
 .group         0x00000000        0x8 ./Generated_Code/LEDpin2.o
 .group         0x00000000        0x8 ./Generated_Code/LEDpin2.o
 .group         0x00000000        0x8 ./Generated_Code/LEDpin2.o
 .group         0x00000000        0x8 ./Generated_Code/LEDpin2.o
 .group         0x00000000        0x8 ./Generated_Code/LEDpin2.o
 .group         0x00000000        0x8 ./Generated_Code/LEDpin2.o
 .group         0x00000000        0x8 ./Generated_Code/LEDpin2.o
 .group         0x00000000        0x8 ./Generated_Code/LEDpin2.o
 .group         0x00000000        0x8 ./Generated_Code/LEDpin2.o
 .group         0x00000000        0x8 ./Generated_Code/LEDpin2.o
 .group         0x00000000        0x8 ./Generated_Code/LEDpin2.o
 .text          0x00000000        0x0 ./Generated_Code/LEDpin2.o
 .data          0x00000000        0x0 ./Generated_Code/LEDpin2.o
 .bss           0x00000000        0x0 ./Generated_Code/LEDpin2.o
 .debug_info    0x00000000       0x7d ./Generated_Code/LEDpin2.o
 .debug_abbrev  0x00000000       0x29 ./Generated_Code/LEDpin2.o
 .debug_aranges
                0x00000000       0x18 ./Generated_Code/LEDpin2.o
 .debug_macro   0x00000000       0xb5 ./Generated_Code/LEDpin2.o
 .debug_macro   0x00000000      0x802 ./Generated_Code/LEDpin2.o
 .debug_macro   0x00000000       0x16 ./Generated_Code/LEDpin2.o
 .debug_macro   0x00000000       0x44 ./Generated_Code/LEDpin2.o
 .debug_macro   0x00000000      0x209 ./Generated_Code/LEDpin2.o
 .debug_macro   0x00000000     0x1576 ./Generated_Code/LEDpin2.o
 .debug_macro   0x00000000      0x14e ./Generated_Code/LEDpin2.o
 .debug_macro   0x00000000       0x64 ./Generated_Code/LEDpin2.o
 .debug_macro   0x00000000     0x6691 ./Generated_Code/LEDpin2.o
 .debug_macro   0x00000000       0x94 ./Generated_Code/LEDpin2.o
 .debug_macro   0x00000000      0x12c ./Generated_Code/LEDpin2.o
 .debug_macro   0x00000000       0x9a ./Generated_Code/LEDpin2.o
 .debug_macro   0x00000000       0x40 ./Generated_Code/LEDpin2.o
 .debug_macro   0x00000000       0x1f ./Generated_Code/LEDpin2.o
 .debug_line    0x00000000      0x26a ./Generated_Code/LEDpin2.o
 .debug_str     0x00000000    0x2ca65 ./Generated_Code/LEDpin2.o
 .comment       0x00000000       0x71 ./Generated_Code/LEDpin2.o
 .ARM.attributes
                0x00000000       0x32 ./Generated_Code/LEDpin2.o
 .group         0x00000000        0x8 ./Generated_Code/PE_LDD.o
 .group         0x00000000        0x8 ./Generated_Code/PE_LDD.o
 .group         0x00000000        0x8 ./Generated_Code/PE_LDD.o
 .group         0x00000000        0x8 ./Generated_Code/PE_LDD.o
 .group         0x00000000        0x8 ./Generated_Code/PE_LDD.o
 .group         0x00000000        0x8 ./Generated_Code/PE_LDD.o
 .group         0x00000000        0x8 ./Generated_Code/PE_LDD.o
 .group         0x00000000        0x8 ./Generated_Code/PE_LDD.o
 .group         0x00000000        0x8 ./Generated_Code/PE_LDD.o
 .group         0x00000000        0x8 ./Generated_Code/PE_LDD.o
 .group         0x00000000        0x8 ./Generated_Code/PE_LDD.o
 .group         0x00000000        0x8 ./Generated_Code/PE_LDD.o
 .group         0x00000000        0x8 ./Generated_Code/PE_LDD.o
 .group         0x00000000        0x8 ./Generated_Code/PE_LDD.o
 .group         0x00000000        0x8 ./Generated_Code/PE_LDD.o
 .group         0x00000000        0x8 ./Generated_Code/PE_LDD.o
 .group         0x00000000        0x8 ./Generated_Code/PE_LDD.o
 .group         0x00000000        0x8 ./Generated_Code/PE_LDD.o
 .text          0x00000000        0x0 ./Generated_Code/PE_LDD.o
 .data          0x00000000        0x0 ./Generated_Code/PE_LDD.o
 .bss           0x00000000        0x0 ./Generated_Code/PE_LDD.o
 .rodata.PE_CpuClockConfigurations
                0x00000000       0x28 ./Generated_Code/PE_LDD.o
 .text.PE_FillMemory
                0x00000000       0x24 ./Generated_Code/PE_LDD.o
 .text.PE_PeripheralUsed
                0x00000000       0x40 ./Generated_Code/PE_LDD.o
 .text.LDD_SetClockConfiguration
                0x00000000       0x14 ./Generated_Code/PE_LDD.o
 .debug_macro   0x00000000      0x802 ./Generated_Code/PE_LDD.o
 .debug_macro   0x00000000       0x16 ./Generated_Code/PE_LDD.o
 .debug_macro   0x00000000       0x44 ./Generated_Code/PE_LDD.o
 .debug_macro   0x00000000      0x209 ./Generated_Code/PE_LDD.o
 .debug_macro   0x00000000     0x1576 ./Generated_Code/PE_LDD.o
 .debug_macro   0x00000000      0x14e ./Generated_Code/PE_LDD.o
 .debug_macro   0x00000000       0x64 ./Generated_Code/PE_LDD.o
 .debug_macro   0x00000000     0x6691 ./Generated_Code/PE_LDD.o
 .debug_macro   0x00000000       0x94 ./Generated_Code/PE_LDD.o
 .debug_macro   0x00000000      0x12c ./Generated_Code/PE_LDD.o
 .debug_macro   0x00000000       0x9a ./Generated_Code/PE_LDD.o
 .debug_macro   0x00000000       0x40 ./Generated_Code/PE_LDD.o
 .debug_macro   0x00000000       0x1f ./Generated_Code/PE_LDD.o
 .debug_macro   0x00000000       0x47 ./Generated_Code/PE_LDD.o
 .debug_macro   0x00000000       0x3d ./Generated_Code/PE_LDD.o
 .debug_macro   0x00000000       0x46 ./Generated_Code/PE_LDD.o
 .debug_macro   0x00000000       0x1f ./Generated_Code/PE_LDD.o
 .debug_macro   0x00000000       0x47 ./Generated_Code/PE_LDD.o
 .group         0x00000000        0x8 ./Generated_Code/Vectors.o
 .group         0x00000000        0x8 ./Generated_Code/Vectors.o
 .group         0x00000000        0x8 ./Generated_Code/Vectors.o
 .group         0x00000000        0x8 ./Generated_Code/Vectors.o
 .group         0x00000000        0x8 ./Generated_Code/Vectors.o
 .group         0x00000000        0x8 ./Generated_Code/Vectors.o
 .group         0x00000000        0x8 ./Generated_Code/Vectors.o
 .group         0x00000000        0x8 ./Generated_Code/Vectors.o
 .group         0x00000000        0x8 ./Generated_Code/Vectors.o
 .group         0x00000000        0x8 ./Generated_Code/Vectors.o
 .group         0x00000000        0x8 ./Generated_Code/Vectors.o
 .group         0x00000000        0x8 ./Generated_Code/Vectors.o
 .group         0x00000000        0x8 ./Generated_Code/Vectors.o
 .group         0x00000000        0x8 ./Generated_Code/Vectors.o
 .group         0x00000000        0x8 ./Generated_Code/Vectors.o
 .group         0x00000000        0x8 ./Generated_Code/Vectors.o
 .group         0x00000000        0x8 ./Generated_Code/Vectors.o
 .group         0x00000000        0x8 ./Generated_Code/Vectors.o
 .text          0x00000000        0x0 ./Generated_Code/Vectors.o
 .data          0x00000000        0x0 ./Generated_Code/Vectors.o
 .bss           0x00000000        0x0 ./Generated_Code/Vectors.o
 .debug_macro   0x00000000      0x802 ./Generated_Code/Vectors.o
 .debug_macro   0x00000000       0x16 ./Generated_Code/Vectors.o
 .debug_macro   0x00000000       0x44 ./Generated_Code/Vectors.o
 .debug_macro   0x00000000      0x209 ./Generated_Code/Vectors.o
 .debug_macro   0x00000000     0x1576 ./Generated_Code/Vectors.o
 .debug_macro   0x00000000      0x14e ./Generated_Code/Vectors.o
 .debug_macro   0x00000000       0x64 ./Generated_Code/Vectors.o
 .debug_macro   0x00000000     0x6691 ./Generated_Code/Vectors.o
 .debug_macro   0x00000000       0x94 ./Generated_Code/Vectors.o
 .debug_macro   0x00000000       0x94 ./Generated_Code/Vectors.o
 .debug_macro   0x00000000      0x12c ./Generated_Code/Vectors.o
 .debug_macro   0x00000000       0x40 ./Generated_Code/Vectors.o
 .debug_macro   0x00000000       0x1f ./Generated_Code/Vectors.o
 .debug_macro   0x00000000       0x47 ./Generated_Code/Vectors.o
 .debug_macro   0x00000000       0x3d ./Generated_Code/Vectors.o
 .debug_macro   0x00000000       0x46 ./Generated_Code/Vectors.o
 .debug_macro   0x00000000       0x1f ./Generated_Code/Vectors.o
 .debug_macro   0x00000000       0x47 ./Generated_Code/Vectors.o
 .group         0x00000000        0x8 ./Generated_Code/WAIT1.o
 .group         0x00000000        0x8 ./Generated_Code/WAIT1.o
 .group         0x00000000        0x8 ./Generated_Code/WAIT1.o
 .group         0x00000000        0x8 ./Generated_Code/WAIT1.o
 .group         0x00000000        0x8 ./Generated_Code/WAIT1.o
 .group         0x00000000        0x8 ./Generated_Code/WAIT1.o
 .group         0x00000000        0x8 ./Generated_Code/WAIT1.o
 .group         0x00000000        0x8 ./Generated_Code/WAIT1.o
 .group         0x00000000        0x8 ./Generated_Code/WAIT1.o
 .group         0x00000000        0x8 ./Generated_Code/WAIT1.o
 .text          0x00000000        0x0 ./Generated_Code/WAIT1.o
 .data          0x00000000        0x0 ./Generated_Code/WAIT1.o
 .bss           0x00000000        0x0 ./Generated_Code/WAIT1.o
 .debug_macro   0x00000000      0x802 ./Generated_Code/WAIT1.o
 .debug_macro   0x00000000       0x16 ./Generated_Code/WAIT1.o
 .debug_macro   0x00000000       0x44 ./Generated_Code/WAIT1.o
 .debug_macro   0x00000000      0x209 ./Generated_Code/WAIT1.o
 .debug_macro   0x00000000     0x1576 ./Generated_Code/WAIT1.o
 .debug_macro   0x00000000      0x14e ./Generated_Code/WAIT1.o
 .debug_macro   0x00000000       0x64 ./Generated_Code/WAIT1.o
 .debug_macro   0x00000000     0x6691 ./Generated_Code/WAIT1.o
 .debug_macro   0x00000000       0x9a ./Generated_Code/WAIT1.o
 .text          0x00000000        0x0 c:/freescale/kds_3.0.0/toolchain/bin/../lib/gcc/arm-none-eabi/4.8.4/../../../../arm-none-eabi/lib/armv6-m\libg_s.a(lib_a-exit.o)
 .data          0x00000000        0x0 c:/freescale/kds_3.0.0/toolchain/bin/../lib/gcc/arm-none-eabi/4.8.4/../../../../arm-none-eabi/lib/armv6-m\libg_s.a(lib_a-exit.o)
 .bss           0x00000000        0x0 c:/freescale/kds_3.0.0/toolchain/bin/../lib/gcc/arm-none-eabi/4.8.4/../../../../arm-none-eabi/lib/armv6-m\libg_s.a(lib_a-exit.o)
 .text          0x00000000        0x0 c:/freescale/kds_3.0.0/toolchain/bin/../lib/gcc/arm-none-eabi/4.8.4/../../../../arm-none-eabi/lib/armv6-m\libg_s.a(lib_a-impure.o)
 .data          0x00000000        0x0 c:/freescale/kds_3.0.0/toolchain/bin/../lib/gcc/arm-none-eabi/4.8.4/../../../../arm-none-eabi/lib/armv6-m\libg_s.a(lib_a-impure.o)
 .bss           0x00000000        0x0 c:/freescale/kds_3.0.0/toolchain/bin/../lib/gcc/arm-none-eabi/4.8.4/../../../../arm-none-eabi/lib/armv6-m\libg_s.a(lib_a-impure.o)
 .data._impure_ptr
                0x00000000        0x4 c:/freescale/kds_3.0.0/toolchain/bin/../lib/gcc/arm-none-eabi/4.8.4/../../../../arm-none-eabi/lib/armv6-m\libg_s.a(lib_a-impure.o)
 .text          0x00000000        0x0 c:/freescale/kds_3.0.0/toolchain/bin/../lib/gcc/arm-none-eabi/4.8.4/../../../../arm-none-eabi/lib/armv6-m\libg_s.a(lib_a-init.o)
 .data          0x00000000        0x0 c:/freescale/kds_3.0.0/toolchain/bin/../lib/gcc/arm-none-eabi/4.8.4/../../../../arm-none-eabi/lib/armv6-m\libg_s.a(lib_a-init.o)
 .bss           0x00000000        0x0 c:/freescale/kds_3.0.0/toolchain/bin/../lib/gcc/arm-none-eabi/4.8.4/../../../../arm-none-eabi/lib/armv6-m\libg_s.a(lib_a-init.o)
 .text          0x00000000        0x0 c:/freescale/kds_3.0.0/toolchain/bin/../lib/gcc/arm-none-eabi/4.8.4/../../../../arm-none-eabi/lib/armv6-m\libg_s.a(lib_a-memset.o)
 .data          0x00000000        0x0 c:/freescale/kds_3.0.0/toolchain/bin/../lib/gcc/arm-none-eabi/4.8.4/../../../../arm-none-eabi/lib/armv6-m\libg_s.a(lib_a-memset.o)
 .bss           0x00000000        0x0 c:/freescale/kds_3.0.0/toolchain/bin/../lib/gcc/arm-none-eabi/4.8.4/../../../../arm-none-eabi/lib/armv6-m\libg_s.a(lib_a-memset.o)
 .text          0x00000000        0x0 c:/freescale/kds_3.0.0/toolchain/bin/../lib/gcc/arm-none-eabi/4.8.4/../../../../arm-none-eabi/lib/armv6-m\libnosys.a(_exit.o)
 .data          0x00000000        0x0 c:/freescale/kds_3.0.0/toolchain/bin/../lib/gcc/arm-none-eabi/4.8.4/../../../../arm-none-eabi/lib/armv6-m\libnosys.a(_exit.o)
 .bss           0x00000000        0x0 c:/freescale/kds_3.0.0/toolchain/bin/../lib/gcc/arm-none-eabi/4.8.4/../../../../arm-none-eabi/lib/armv6-m\libnosys.a(_exit.o)
 .text          0x00000000        0x0 c:/freescale/kds_3.0.0/toolchain/bin/../lib/gcc/arm-none-eabi/4.8.4/armv6-m/crtend.o
 .data          0x00000000        0x0 c:/freescale/kds_3.0.0/toolchain/bin/../lib/gcc/arm-none-eabi/4.8.4/armv6-m/crtend.o
 .bss           0x00000000        0x0 c:/freescale/kds_3.0.0/toolchain/bin/../lib/gcc/arm-none-eabi/4.8.4/armv6-m/crtend.o
 .eh_frame      0x00000000        0x4 c:/freescale/kds_3.0.0/toolchain/bin/../lib/gcc/arm-none-eabi/4.8.4/armv6-m/crtend.o
 .jcr           0x00000000        0x4 c:/freescale/kds_3.0.0/toolchain/bin/../lib/gcc/arm-none-eabi/4.8.4/armv6-m/crtend.o
 .ARM.attributes
                0x00000000       0x2c c:/freescale/kds_3.0.0/toolchain/bin/../lib/gcc/arm-none-eabi/4.8.4/armv6-m/crtend.o
 .text          0x00000000        0x0 c:/freescale/kds_3.0.0/toolchain/bin/../lib/gcc/arm-none-eabi/4.8.4/armv6-m/crtn.o
 .data          0x00000000        0x0 c:/freescale/kds_3.0.0/toolchain/bin/../lib/gcc/arm-none-eabi/4.8.4/armv6-m/crtn.o
 .bss           0x00000000        0x0 c:/freescale/kds_3.0.0/toolchain/bin/../lib/gcc/arm-none-eabi/4.8.4/armv6-m/crtn.o

Memory Configuration

Name             Origin             Length             Attributes
m_interrupts     0x00000000         0x000000c0         xr
m_text           0x00000410         0x0001fbf0         xr
m_data           0x1ffff000         0x00004000         rw
m_cfmprotrom     0x00000400         0x00000010         xr
*default*        0x00000000         0xffffffff

Linker script and memory map

LOAD c:/freescale/kds_3.0.0/toolchain/bin/../lib/gcc/arm-none-eabi/4.8.4/armv6-m/crti.o
LOAD c:/freescale/kds_3.0.0/toolchain/bin/../lib/gcc/arm-none-eabi/4.8.4/armv6-m/crtbegin.o
LOAD c:/freescale/kds_3.0.0/toolchain/bin/../lib/gcc/arm-none-eabi/4.8.4/../../../../arm-none-eabi/lib/armv6-m/crt0.o
LOAD ./Sources/Events.o
LOAD ./Sources/main.o
LOAD ./Project_Settings/Startup_Code/startup.o
LOAD ./Generated_Code/BitIoLdd1.o
LOAD ./Generated_Code/BitIoLdd2.o
LOAD ./Generated_Code/Cpu.o
LOAD ./Generated_Code/LED1.o
LOAD ./Generated_Code/LED2.o
LOAD ./Generated_Code/LEDpin1.o
LOAD ./Generated_Code/LEDpin2.o
LOAD ./Generated_Code/PE_LDD.o
LOAD ./Generated_Code/Vectors.o
LOAD ./Generated_Code/WAIT1.o
LOAD c:/freescale/kds_3.0.0/toolchain/bin/../lib/gcc/arm-none-eabi/4.8.4/../../../../arm-none-eabi/lib/armv6-m\libstdc++_s.a
LOAD c:/freescale/kds_3.0.0/toolchain/bin/../lib/gcc/arm-none-eabi/4.8.4/../../../../arm-none-eabi/lib/armv6-m\libm.a
START GROUP
LOAD c:/freescale/kds_3.0.0/toolchain/bin/../lib/gcc/arm-none-eabi/4.8.4/armv6-m\libgcc.a
LOAD c:/freescale/kds_3.0.0/toolchain/bin/../lib/gcc/arm-none-eabi/4.8.4/../../../../arm-none-eabi/lib/armv6-m\libg_s.a
LOAD c:/freescale/kds_3.0.0/toolchain/bin/../lib/gcc/arm-none-eabi/4.8.4/../../../../arm-none-eabi/lib/armv6-m\libc_s.a
END GROUP
START GROUP
LOAD c:/freescale/kds_3.0.0/toolchain/bin/../lib/gcc/arm-none-eabi/4.8.4/armv6-m\libgcc.a
LOAD c:/freescale/kds_3.0.0/toolchain/bin/../lib/gcc/arm-none-eabi/4.8.4/../../../../arm-none-eabi/lib/armv6-m\libc_s.a
LOAD c:/freescale/kds_3.0.0/toolchain/bin/../lib/gcc/arm-none-eabi/4.8.4/../../../../arm-none-eabi/lib/armv6-m\libnosys.a
END GROUP
START GROUP
LOAD c:/freescale/kds_3.0.0/toolchain/bin/../lib/gcc/arm-none-eabi/4.8.4/armv6-m\libgcc.a
LOAD c:/freescale/kds_3.0.0/toolchain/bin/../lib/gcc/arm-none-eabi/4.8.4/../../../../arm-none-eabi/lib/armv6-m\libc_s.a
LOAD c:/freescale/kds_3.0.0/toolchain/bin/../lib/gcc/arm-none-eabi/4.8.4/../../../../arm-none-eabi/lib/armv6-m\libnosys.a
END GROUP
LOAD c:/freescale/kds_3.0.0/toolchain/bin/../lib/gcc/arm-none-eabi/4.8.4/armv6-m/crtend.o
LOAD c:/freescale/kds_3.0.0/toolchain/bin/../lib/gcc/arm-none-eabi/4.8.4/armv6-m/crtn.o
                0x20003000                _estack = 0x20003000
                0x20003000                __SP_INIT = _estack
                0x20003000                __stack = _estack
                0x00000000                __heap_size = 0x0
                0x00000400                __stack_size = 0x400

.interrupts     0x00000000       0xc0
                0x00000000                __vector_table = .
                0x00000000                . = ALIGN (0x4)
 *(.vectortable)
 .vectortable   0x00000000       0xc0 ./Generated_Code/Vectors.o
                0x00000000                __vect_table
                0x000000c0                . = ALIGN (0x4)

.cfmprotect     0x00000400       0x10
                0x00000400                . = ALIGN (0x4)
 *(.cfmconfig)
 .cfmconfig     0x00000400       0x10 ./Generated_Code/Cpu.o
                0x00000400                _cfm
                0x00000410                . = ALIGN (0x4)

.text           0x00000410      0x7a8
                0x00000410                . = ALIGN (0x4)
 *(.text)
 .text          0x00000410       0x60 c:/freescale/kds_3.0.0/toolchain/bin/../lib/gcc/arm-none-eabi/4.8.4/armv6-m/crtbegin.o
 .text          0x00000470       0x78 c:/freescale/kds_3.0.0/toolchain/bin/../lib/gcc/arm-none-eabi/4.8.4/../../../../arm-none-eabi/lib/armv6-m/crt0.o
                0x00000470                _start
                0x00000470                _mainCRTStartup
 *(.text*)
 .text.Cpu_OnNMIINT
                0x000004e8        0x8 ./Sources/Events.o
                0x000004e8                Cpu_OnNMIINT
 .text.main     0x000004f0       0x50 ./Sources/main.o
                0x000004f0                main
 .text.__copy_rom_section
                0x00000540       0xd8 ./Project_Settings/Startup_Code/startup.o
                0x00000540                __copy_rom_section
 .text.__copy_rom_sections_to_ram
                0x00000618       0x98 ./Project_Settings/Startup_Code/startup.o
                0x00000618                __copy_rom_sections_to_ram
 .text.__init_registers
                0x000006b0        0x8 ./Project_Settings/Startup_Code/startup.o
                0x000006b0                __init_registers
 .text.__init_user
                0x000006b8        0x8 ./Project_Settings/Startup_Code/startup.o
                0x000006b8                __init_user
 .text.__thumb_startup
                0x000006c0       0x30 ./Project_Settings/Startup_Code/startup.o
                0x000006c0                __thumb_startup
 .text.BitIoLdd1_Init
                0x000006f0       0x60 ./Generated_Code/BitIoLdd1.o
                0x000006f0                BitIoLdd1_Init
 .text.BitIoLdd1_ClrVal
                0x00000750       0x18 ./Generated_Code/BitIoLdd1.o
                0x00000750                BitIoLdd1_ClrVal
 .text.BitIoLdd1_SetVal
                0x00000768       0x18 ./Generated_Code/BitIoLdd1.o
                0x00000768                BitIoLdd1_SetVal
 .text.BitIoLdd2_Init
                0x00000780       0x68 ./Generated_Code/BitIoLdd2.o
                0x00000780                BitIoLdd2_Init
 .text.BitIoLdd2_ClrVal
                0x000007e8       0x1c ./Generated_Code/BitIoLdd2.o
                0x000007e8                BitIoLdd2_ClrVal
 .text.BitIoLdd2_SetVal
                0x00000804       0x1c ./Generated_Code/BitIoLdd2.o
                0x00000804                BitIoLdd2_SetVal
 .text.Cpu_INT_NMIInterrupt
                0x00000820        0xc ./Generated_Code/Cpu.o
                0x00000820                Cpu_INT_NMIInterrupt
 .text.Cpu_Interrupt
                0x0000082c        0xc ./Generated_Code/Cpu.o
                0x0000082c                Cpu_Interrupt
 .text.__init_hardware
                0x00000838      0x110 ./Generated_Code/Cpu.o
                0x00000838                __init_hardware
 .text.PE_low_level_init
                0x00000948       0xec ./Generated_Code/Cpu.o
                0x00000948                PE_low_level_init
 .text.WAIT1_Wait10Cycles
                0x00000a34        0x8 ./Generated_Code/WAIT1.o
                0x00000a34                WAIT1_Wait10Cycles
 .text.WAIT1_Wait100Cycles
                0x00000a3c       0x18 ./Generated_Code/WAIT1.o
                0x00000a3c                WAIT1_Wait100Cycles
 .text.WAIT1_WaitCycles
                0x00000a54       0x44 ./Generated_Code/WAIT1.o
                0x00000a54                WAIT1_WaitCycles
 .text.WAIT1_WaitLongCycles
                0x00000a98       0x3c ./Generated_Code/WAIT1.o
                0x00000a98                WAIT1_WaitLongCycles
 .text.WAIT1_Waitms
                0x00000ad4       0x38 ./Generated_Code/WAIT1.o
                0x00000ad4                WAIT1_Waitms
 .text.exit     0x00000b0c       0x2c c:/freescale/kds_3.0.0/toolchain/bin/../lib/gcc/arm-none-eabi/4.8.4/../../../../arm-none-eabi/lib/armv6-m\libg_s.a(lib_a-exit.o)
                0x00000b0c                exit
 .text.__libc_init_array
                0x00000b38       0x4c c:/freescale/kds_3.0.0/toolchain/bin/../lib/gcc/arm-none-eabi/4.8.4/../../../../arm-none-eabi/lib/armv6-m\libg_s.a(lib_a-init.o)
                0x00000b38                __libc_init_array
 .text.memset   0x00000b84       0x10 c:/freescale/kds_3.0.0/toolchain/bin/../lib/gcc/arm-none-eabi/4.8.4/../../../../arm-none-eabi/lib/armv6-m\libg_s.a(lib_a-memset.o)
                0x00000b84                memset
 .text._exit    0x00000b94        0x4 c:/freescale/kds_3.0.0/toolchain/bin/../lib/gcc/arm-none-eabi/4.8.4/../../../../arm-none-eabi/lib/armv6-m\libnosys.a(_exit.o)
                0x00000b94                _exit
 *(.rodata)
 *(.rodata*)
 .rodata.str1.1
                0x00000b98        0x2 c:/freescale/kds_3.0.0/toolchain/bin/../lib/gcc/arm-none-eabi/4.8.4/../../../../arm-none-eabi/lib/armv6-m\libg_s.a(lib_a-impure.o)
 *fill*         0x00000b9a        0x2 
 .rodata._global_impure_ptr
                0x00000b9c        0x4 c:/freescale/kds_3.0.0/toolchain/bin/../lib/gcc/arm-none-eabi/4.8.4/../../../../arm-none-eabi/lib/armv6-m\libg_s.a(lib_a-impure.o)
                0x00000b9c                _global_impure_ptr
 *(.glue_7)
 .glue_7        0x00000000        0x0 linker stubs
 *(.glue_7t)
 .glue_7t       0x00000000        0x0 linker stubs
 *(.eh_frame)
 .eh_frame      0x00000ba0        0x0 c:/freescale/kds_3.0.0/toolchain/bin/../lib/gcc/arm-none-eabi/4.8.4/armv6-m/crtbegin.o
 *(.init)
 .init          0x00000ba0        0x4 c:/freescale/kds_3.0.0/toolchain/bin/../lib/gcc/arm-none-eabi/4.8.4/armv6-m/crti.o
                0x00000ba0                _init
 .init          0x00000ba4        0x8 c:/freescale/kds_3.0.0/toolchain/bin/../lib/gcc/arm-none-eabi/4.8.4/armv6-m/crtn.o
 *(.fini)
 .fini          0x00000bac        0x4 c:/freescale/kds_3.0.0/toolchain/bin/../lib/gcc/arm-none-eabi/4.8.4/armv6-m/crti.o
                0x00000bac                _fini
 .fini          0x00000bb0        0x8 c:/freescale/kds_3.0.0/toolchain/bin/../lib/gcc/arm-none-eabi/4.8.4/armv6-m/crtn.o
                0x00000bb8                . = ALIGN (0x4)
                0x00000bb8                _etext = .

.vfp11_veneer   0x00000bb8        0x0
 .vfp11_veneer  0x00000000        0x0 linker stubs

.v4_bx          0x00000bb8        0x0
 .v4_bx         0x00000000        0x0 linker stubs

.iplt           0x00000bb8        0x0
 .iplt          0x00000000        0x0 c:/freescale/kds_3.0.0/toolchain/bin/../lib/gcc/arm-none-eabi/4.8.4/armv6-m/crtbegin.o

.ARM.extab
 *(.ARM.extab* .gnu.linkonce.armextab.*)

.ARM            0x00000bb8        0x8
                0x00000bb8                __exidx_start = .
 *(.ARM.exidx*)
 .ARM.exidx     0x00000bb8        0x8 c:/freescale/kds_3.0.0/toolchain/bin/../lib/gcc/arm-none-eabi/4.8.4/../../../../arm-none-eabi/lib/armv6-m/crt0.o
                0x00000bc0                __exidx_end = .

.rel.dyn        0x00000bc0        0x0
 .rel.iplt      0x00000000        0x0 c:/freescale/kds_3.0.0/toolchain/bin/../lib/gcc/arm-none-eabi/4.8.4/armv6-m/crtbegin.o

.ctors          0x00000bc0        0x0
                0x00000bc0                __CTOR_LIST__ = .
 *crtbegin.o(.ctors)
 *(EXCLUDE_FILE(*crtend.o) .ctors)
 *(SORT(.ctors.*))
 *(.ctors)
                0x00000bc0                __CTOR_END__ = .

.dtors          0x00000bc0        0x0
                0x00000bc0                __DTOR_LIST__ = .
 *crtbegin.o(.dtors)
 *(EXCLUDE_FILE(*crtend.o) .dtors)
 *(SORT(.dtors.*))
 *(.dtors)
                0x00000bc0                __DTOR_END__ = .

.preinit_array  0x00000bc0        0x0
                0x00000bc0                PROVIDE (__preinit_array_start, .)
 *(.preinit_array*)
                0x00000bc0                PROVIDE (__preinit_array_end, .)

.init_array     0x00000bc0        0x4
                0x00000bc0                PROVIDE (__init_array_start, .)
 *(SORT(.init_array.*))
 *(.init_array*)
 .init_array    0x00000bc0        0x4 c:/freescale/kds_3.0.0/toolchain/bin/../lib/gcc/arm-none-eabi/4.8.4/armv6-m/crtbegin.o
                0x00000bc4                PROVIDE (__init_array_end, .)

.fini_array     0x00000bc4        0x4
                0x00000bc4                PROVIDE (__fini_array_start, .)
 *(SORT(.fini_array.*))
 *(.fini_array*)
 .fini_array    0x00000bc4        0x4 c:/freescale/kds_3.0.0/toolchain/bin/../lib/gcc/arm-none-eabi/4.8.4/armv6-m/crtbegin.o
                0x00000bc8                PROVIDE (__fini_array_end, .)
                0x00000bc8                ___ROM_AT = .

.mtb            0x1ffff000        0x0
                0x1ffff000                . = ALIGN (0x8)
                0x1ffff000                _mtb_start = .
 *(.mtb_buf)
                0x1ffff000                . = ALIGN (0x8)
                0x1ffff000                _mtb_end = .

.data           0x1ffff000       0x60 load address 0x00000bc8
                0x1ffff000                . = ALIGN (0x4)
                0x1ffff000                _sdata = .
 *(.data)
 *(.data*)
 .data.impure_data
                0x1ffff000       0x60 c:/freescale/kds_3.0.0/toolchain/bin/../lib/gcc/arm-none-eabi/4.8.4/../../../../arm-none-eabi/lib/armv6-m\libg_s.a(lib_a-impure.o)
                0x1ffff060                . = ALIGN (0x4)
                0x1ffff060                _edata = .
                0x00000060                ___data_size = (_edata - _sdata)

.jcr            0x1ffff060        0x0 load address 0x00000c28
 .jcr           0x1ffff060        0x0 c:/freescale/kds_3.0.0/toolchain/bin/../lib/gcc/arm-none-eabi/4.8.4/armv6-m/crtbegin.o

.igot.plt       0x1ffff060        0x0 load address 0x00000c28
 .igot.plt      0x00000000        0x0 c:/freescale/kds_3.0.0/toolchain/bin/../lib/gcc/arm-none-eabi/4.8.4/armv6-m/crtbegin.o
                0x1ffff060                . = ALIGN (0x4)

.bss            0x1ffff060       0x2c load address 0x00000c28
                0x1ffff060                __START_BSS = .
                0x1ffff060                PROVIDE (__bss_start__, __START_BSS)
 *(.bss)
 .bss           0x1ffff060       0x1c c:/freescale/kds_3.0.0/toolchain/bin/../lib/gcc/arm-none-eabi/4.8.4/armv6-m/crtbegin.o
 *(.bss*)
 .bss.DeviceDataPrv__DEFAULT_RTOS_ALLOC
                0x1ffff07c        0x4 ./Generated_Code/BitIoLdd1.o
 .bss.DeviceDataPrv__DEFAULT_RTOS_ALLOC
                0x1ffff080        0x4 ./Generated_Code/BitIoLdd2.o
 .bss.PE_LDD_DeviceDataList
                0x1ffff084        0x8 ./Generated_Code/PE_LDD.o
                0x1ffff084                PE_LDD_DeviceDataList
 *(COMMON)
                0x1ffff08c                . = ALIGN (0x4)
                0x1ffff08c                __END_BSS = .
                0x1ffff08c                PROVIDE (__bss_end__, __END_BSS)
                0x00000c28                _romp_at = (___ROM_AT + SIZEOF (.data))

.romp           0x1ffff08c       0x18 load address 0x00000c28
                0x00000c28                __S_romp = _romp_at
                0x1ffff08c        0x4 LONG 0xbc8 ___ROM_AT
                0x1ffff090        0x4 LONG 0x1ffff000 _sdata
                0x1ffff094        0x4 LONG 0x60 ___data_size
                0x1ffff098        0x4 LONG 0x0
                0x1ffff09c        0x4 LONG 0x0
                0x1ffff0a0        0x4 LONG 0x0

._user_heap_stack
                0x1ffff0a4      0x400 load address 0x00000c40
                0x1ffff0a4                . = ALIGN (0x4)
                0x1ffff0a4                PROVIDE (end, .)
                0x1ffff0a4                PROVIDE (_end, .)
                0x1ffff0a4                __heap_addr = .
                0x1ffff0a4                __HeapBase = .
                0x1ffff0a4                . = (. + __heap_size)
                0x1ffff0a4                __HeapLimit = .
                0x1ffff4a4                . = (. + __stack_size)
 *fill*         0x1ffff0a4      0x400 
                0x1ffff4a4                . = ALIGN (0x4)

.ARM.attributes
                0x00000000       0x28
 *(.ARM.attributes)
 .ARM.attributes
                0x00000000       0x1e c:/freescale/kds_3.0.0/toolchain/bin/../lib/gcc/arm-none-eabi/4.8.4/armv6-m/crti.o
 .ARM.attributes
                0x0000001e       0x2c c:/freescale/kds_3.0.0/toolchain/bin/../lib/gcc/arm-none-eabi/4.8.4/armv6-m/crtbegin.o
 .ARM.attributes
                0x0000004a       0x1b c:/freescale/kds_3.0.0/toolchain/bin/../lib/gcc/arm-none-eabi/4.8.4/../../../../arm-none-eabi/lib/armv6-m/crt0.o
 .ARM.attributes
                0x00000065       0x32 ./Sources/Events.o
 .ARM.attributes
                0x00000097       0x32 ./Sources/main.o
 .ARM.attributes
                0x000000c9       0x32 ./Project_Settings/Startup_Code/startup.o
 .ARM.attributes
                0x000000fb       0x32 ./Generated_Code/BitIoLdd1.o
 .ARM.attributes
                0x0000012d       0x32 ./Generated_Code/BitIoLdd2.o
 .ARM.attributes
                0x0000015f       0x32 ./Generated_Code/Cpu.o
 .ARM.attributes
                0x00000191       0x32 ./Generated_Code/PE_LDD.o
 .ARM.attributes
                0x000001c3       0x32 ./Generated_Code/Vectors.o
 .ARM.attributes
                0x000001f5       0x32 ./Generated_Code/WAIT1.o
 .ARM.attributes
                0x00000227       0x2c c:/freescale/kds_3.0.0/toolchain/bin/../lib/gcc/arm-none-eabi/4.8.4/../../../../arm-none-eabi/lib/armv6-m\libg_s.a(lib_a-exit.o)
 .ARM.attributes
                0x00000253       0x2c c:/freescale/kds_3.0.0/toolchain/bin/../lib/gcc/arm-none-eabi/4.8.4/../../../../arm-none-eabi/lib/armv6-m\libg_s.a(lib_a-impure.o)
 .ARM.attributes
                0x0000027f       0x2c c:/freescale/kds_3.0.0/toolchain/bin/../lib/gcc/arm-none-eabi/4.8.4/../../../../arm-none-eabi/lib/armv6-m\libg_s.a(lib_a-init.o)
 .ARM.attributes
                0x000002ab       0x2c c:/freescale/kds_3.0.0/toolchain/bin/../lib/gcc/arm-none-eabi/4.8.4/../../../../arm-none-eabi/lib/armv6-m\libg_s.a(lib_a-memset.o)
 .ARM.attributes
                0x000002d7       0x2c c:/freescale/kds_3.0.0/toolchain/bin/../lib/gcc/arm-none-eabi/4.8.4/../../../../arm-none-eabi/lib/armv6-m\libnosys.a(_exit.o)
 .ARM.attributes
                0x00000303       0x1e c:/freescale/kds_3.0.0/toolchain/bin/../lib/gcc/arm-none-eabi/4.8.4/armv6-m/crtn.o
OUTPUT(Debug_Test_Intro.elf elf32-littlearm)

.debug_info     0x00000000     0x174d
 .debug_info    0x00000000       0x96 ./Sources/Events.o
 .debug_info    0x00000096       0xbd ./Sources/main.o
 .debug_info    0x00000153      0x20a ./Project_Settings/Startup_Code/startup.o
 .debug_info    0x0000035d      0x372 ./Generated_Code/BitIoLdd1.o
 .debug_info    0x000006cf      0x372 ./Generated_Code/BitIoLdd2.o
 .debug_info    0x00000a41      0x865 ./Generated_Code/Cpu.o
 .debug_info    0x000012a6      0x251 ./Generated_Code/PE_LDD.o
 .debug_info    0x000014f7      0x10e ./Generated_Code/Vectors.o
 .debug_info    0x00001605      0x148 ./Generated_Code/WAIT1.o

.debug_abbrev   0x00000000      0x7ec
 .debug_abbrev  0x00000000       0x45 ./Sources/Events.o
 .debug_abbrev  0x00000045       0x7a ./Sources/main.o
 .debug_abbrev  0x000000bf      0x11e ./Project_Settings/Startup_Code/startup.o
 .debug_abbrev  0x000001dd      0x127 ./Generated_Code/BitIoLdd1.o
 .debug_abbrev  0x00000304      0x127 ./Generated_Code/BitIoLdd2.o
 .debug_abbrev  0x0000042b      0x15f ./Generated_Code/Cpu.o
 .debug_abbrev  0x0000058a      0x10d ./Generated_Code/PE_LDD.o
 .debug_abbrev  0x00000697       0xa4 ./Generated_Code/Vectors.o
 .debug_abbrev  0x0000073b       0xb1 ./Generated_Code/WAIT1.o

.debug_aranges  0x00000000      0x1d0
 .debug_aranges
                0x00000000       0x20 ./Sources/Events.o
 .debug_aranges
                0x00000020       0x20 ./Sources/main.o
 .debug_aranges
                0x00000040       0x50 ./Project_Settings/Startup_Code/startup.o
 .debug_aranges
                0x00000090       0x40 ./Generated_Code/BitIoLdd1.o
 .debug_aranges
                0x000000d0       0x40 ./Generated_Code/BitIoLdd2.o
 .debug_aranges
                0x00000110       0x38 ./Generated_Code/Cpu.o
 .debug_aranges
                0x00000148       0x30 ./Generated_Code/PE_LDD.o
 .debug_aranges
                0x00000178       0x18 ./Generated_Code/Vectors.o
 .debug_aranges
                0x00000190       0x40 ./Generated_Code/WAIT1.o

.debug_ranges   0x00000000      0x138
 .debug_ranges  0x00000000       0x10 ./Sources/Events.o
 .debug_ranges  0x00000010       0x10 ./Sources/main.o
 .debug_ranges  0x00000020       0x40 ./Project_Settings/Startup_Code/startup.o
 .debug_ranges  0x00000060       0x30 ./Generated_Code/BitIoLdd1.o
 .debug_ranges  0x00000090       0x30 ./Generated_Code/BitIoLdd2.o
 .debug_ranges  0x000000c0       0x28 ./Generated_Code/Cpu.o
 .debug_ranges  0x000000e8       0x20 ./Generated_Code/PE_LDD.o
 .debug_ranges  0x00000108       0x30 ./Generated_Code/WAIT1.o

.debug_macro    0x00000000    0x1068b
 .debug_macro   0x00000000      0x128 ./Sources/Events.o
 .debug_macro   0x00000128      0x802 ./Sources/Events.o
 .debug_macro   0x0000092a       0x16 ./Sources/Events.o
 .debug_macro   0x00000940       0x44 ./Sources/Events.o
 .debug_macro   0x00000984      0x209 ./Sources/Events.o
 .debug_macro   0x00000b8d     0x1576 ./Sources/Events.o
 .debug_macro   0x00002103      0x14e ./Sources/Events.o
 .debug_macro   0x00002251       0x64 ./Sources/Events.o
 .debug_macro   0x000022b5     0x6691 ./Sources/Events.o
 .debug_macro   0x00008946       0x94 ./Sources/Events.o
 .debug_macro   0x000089da       0x94 ./Sources/Events.o
 .debug_macro   0x00008a6e      0x12c ./Sources/Events.o
 .debug_macro   0x00008b9a       0x40 ./Sources/Events.o
 .debug_macro   0x00008bda       0x1f ./Sources/Events.o
 .debug_macro   0x00008bf9       0x47 ./Sources/Events.o
 .debug_macro   0x00008c40       0x3d ./Sources/Events.o
 .debug_macro   0x00008c7d       0x46 ./Sources/Events.o
 .debug_macro   0x00008cc3       0x1f ./Sources/Events.o
 .debug_macro   0x00008ce2       0x47 ./Sources/Events.o
 .debug_macro   0x00008d29      0x128 ./Sources/main.o
 .debug_macro   0x00008e51      0x121 ./Project_Settings/Startup_Code/startup.o
 .debug_macro   0x00008f72       0x58 ./Project_Settings/Startup_Code/startup.o
 .debug_macro   0x00008fca       0x35 ./Project_Settings/Startup_Code/startup.o
 .debug_macro   0x00008fff       0xa3 ./Project_Settings/Startup_Code/startup.o
 .debug_macro   0x000090a2      0x166 ./Project_Settings/Startup_Code/startup.o
 .debug_macro   0x00009208       0x4a ./Project_Settings/Startup_Code/startup.o
 .debug_macro   0x00009252       0x52 ./Project_Settings/Startup_Code/startup.o
 .debug_macro   0x000092a4       0x16 ./Project_Settings/Startup_Code/startup.o
 .debug_macro   0x000092ba       0x43 ./Project_Settings/Startup_Code/startup.o
 .debug_macro   0x000092fd      0x180 ./Project_Settings/Startup_Code/startup.o
 .debug_macro   0x0000947d      0x2a6 ./Project_Settings/Startup_Code/startup.o
 .debug_macro   0x00009723       0x10 ./Project_Settings/Startup_Code/startup.o
 .debug_macro   0x00009733       0x35 ./Project_Settings/Startup_Code/startup.o
 .debug_macro   0x00009768       0x16 ./Project_Settings/Startup_Code/startup.o
 .debug_macro   0x0000977e       0x22 ./Project_Settings/Startup_Code/startup.o
 .debug_macro   0x000097a0       0x10 ./Project_Settings/Startup_Code/startup.o
 .debug_macro   0x000097b0      0x20f ./Project_Settings/Startup_Code/startup.o
 .debug_macro   0x000099bf     0x6685 ./Project_Settings/Startup_Code/startup.o
 .debug_macro   0x00010044       0xa6 ./Generated_Code/BitIoLdd1.o
 .debug_macro   0x000100ea       0x9a ./Generated_Code/BitIoLdd1.o
 .debug_macro   0x00010184       0xa6 ./Generated_Code/BitIoLdd2.o
 .debug_macro   0x0001022a       0x40 ./Generated_Code/BitIoLdd2.o
 .debug_macro   0x0001026a      0x12e ./Generated_Code/Cpu.o
 .debug_macro   0x00010398       0xfe ./Generated_Code/PE_LDD.o
 .debug_macro   0x00010496      0x130 ./Generated_Code/Vectors.o
 .debug_macro   0x000105c6       0x8e ./Generated_Code/WAIT1.o
 .debug_macro   0x00010654       0x37 ./Generated_Code/WAIT1.o

.debug_line     0x00000000     0x1c98
 .debug_line    0x00000000      0x2f3 ./Sources/Events.o
 .debug_line    0x000002f3      0x31e ./Sources/main.o
 .debug_line    0x00000611      0x3d5 ./Project_Settings/Startup_Code/startup.o
 .debug_line    0x000009e6      0x2c0 ./Generated_Code/BitIoLdd1.o
 .debug_line    0x00000ca6      0x2bf ./Generated_Code/BitIoLdd2.o
 .debug_line    0x00000f65      0x41b ./Generated_Code/Cpu.o
 .debug_line    0x00001380      0x2f2 ./Generated_Code/PE_LDD.o
 .debug_line    0x00001672      0x3ab ./Generated_Code/Vectors.o
 .debug_line    0x00001a1d      0x27b ./Generated_Code/WAIT1.o

.debug_str      0x00000000    0x2fca2
 .debug_str     0x00000000    0x2cf72 ./Sources/Events.o
                              0x2d368 (size before relaxing)
 .debug_str     0x0002cf72       0x3d ./Sources/main.o
                              0x2d384 (size before relaxing)
 .debug_str     0x0002cfaf     0x25f6 ./Project_Settings/Startup_Code/startup.o
                              0x2730c (size before relaxing)
 .debug_str     0x0002f5a5      0x17f ./Generated_Code/BitIoLdd1.o
                              0x2cb2d (size before relaxing)
 .debug_str     0x0002f724       0xa0 ./Generated_Code/BitIoLdd2.o
                              0x2cb33 (size before relaxing)
 .debug_str     0x0002f7c4      0x2b5 ./Generated_Code/Cpu.o
                              0x2d68f (size before relaxing)
 .debug_str     0x0002fa79      0x17e ./Generated_Code/PE_LDD.o
                              0x2d51d (size before relaxing)
 .debug_str     0x0002fbf7       0x1c ./Generated_Code/Vectors.o
                              0x2d3b0 (size before relaxing)
 .debug_str     0x0002fc13       0x8f ./Generated_Code/WAIT1.o
                              0x2be9c (size before relaxing)

.comment        0x00000000       0x70
 .comment       0x00000000       0x70 ./Sources/Events.o
                                 0x71 (size before relaxing)
 .comment       0x00000000       0x71 ./Sources/main.o
 .comment       0x00000000       0x71 ./Project_Settings/Startup_Code/startup.o
 .comment       0x00000000       0x71 ./Generated_Code/BitIoLdd1.o
 .comment       0x00000000       0x71 ./Generated_Code/BitIoLdd2.o
 .comment       0x00000000       0x71 ./Generated_Code/Cpu.o
 .comment       0x00000000       0x71 ./Generated_Code/PE_LDD.o
 .comment       0x00000000       0x71 ./Generated_Code/Vectors.o
 .comment       0x00000000       0x71 ./Generated_Code/WAIT1.o

.debug_frame    0x00000000      0x498
 .debug_frame   0x00000000       0x2c ./Sources/Events.o
 .debug_frame   0x0000002c       0x2c ./Sources/main.o
 .debug_frame   0x00000058       0xd0 ./Project_Settings/Startup_Code/startup.o
 .debug_frame   0x00000128       0xb0 ./Generated_Code/BitIoLdd1.o
 .debug_frame   0x000001d8       0xb0 ./Generated_Code/BitIoLdd2.o
 .debug_frame   0x00000288       0x80 ./Generated_Code/Cpu.o
 .debug_frame   0x00000308       0x6c ./Generated_Code/PE_LDD.o
 .debug_frame   0x00000374       0x90 ./Generated_Code/WAIT1.o
 .debug_frame   0x00000404       0x28 c:/freescale/kds_3.0.0/toolchain/bin/../lib/gcc/arm-none-eabi/4.8.4/../../../../arm-none-eabi/lib/armv6-m\libg_s.a(lib_a-exit.o)
 .debug_frame   0x0000042c       0x2c c:/freescale/kds_3.0.0/toolchain/bin/../lib/gcc/arm-none-eabi/4.8.4/../../../../arm-none-eabi/lib/armv6-m\libg_s.a(lib_a-init.o)
 .debug_frame   0x00000458       0x20 c:/freescale/kds_3.0.0/toolchain/bin/../lib/gcc/arm-none-eabi/4.8.4/../../../../arm-none-eabi/lib/armv6-m\libg_s.a(lib_a-memset.o)
 .debug_frame   0x00000478       0x20 c:/freescale/kds_3.0.0/toolchain/bin/../lib/gcc/arm-none-eabi/4.8.4/../../../../arm-none-eabi/lib/armv6-m\libnosys.a(_exit.o)
